▶ 넷플릭스 제공 국가 목록 받아오는 중... 128개국
▶ 장르 매핑 불러오는 중...
[1/128] 대한민국(KR) · movie ... 4000건
[1/128] 대한민국(KR) · tv ... 3838건
[2/128] 안도라(AD) · movie ... 500건
[2/128] 안도라(AD) · tv ... 500건
[3/128] 아랍에미리트 연합(AE) · movie ... 500건
[3/128] 아랍에미리트 연합(AE) · tv ... 500건
[4/128] 앤티가 바부다(AG) · movie ... 500건
[4/128] 앤티가 바부다(AG) · tv ... 500건
[5/128] 알바니아(AL) · movie ... 500건
[5/128] 알바니아(AL) · tv ... 500건
[6/128] 앙골라(AO) · movie ... 500건
[6/128] 앙골라(AO) · tv ... 500건
[7/128] 아르헨티나(AR) · movie ... 500건
[7/128] 아르헨티나(AR) · tv ... 500건
[8/128] 오스트리아(AT) · movie ... 500건
[8/128] 오스트리아(AT) · tv ... 500건
[9/128] 호주(AU) · movie ... 500건
[9/128] 호주(AU) · tv ... 500건
[10/128] 아제르바이잔(AZ) · movie ... 500건
[10/128] 아제르바이잔(AZ) · tv ... 500건
[11/128] 보스니아 헤르체고비나(BA) · movie ... 500건
[11/128] 보스니아 헤르체고비나(BA) · tv ... 500건
[12/128] 바베이도스(BB) · movie ... 500건
[12/128] 바베이도스(BB) · tv ... 500건
[13/128] 벨기에(BE) · movie ... 500건
[13/128] 벨기에(BE) · tv ... 500건
[14/128] 불가리아(BG) · movie ... 500건
[14/128] 불가리아(BG) · tv ... 500건
[15/128] 바레인(BH) · movie ... 500건
[15/128] 바레인(BH) · tv ... 500건
[16/128] 버뮤다(BM) · movie ... 500건
[16/128] 버뮤다(BM) · tv ... 500건
[17/128] 볼리비아(BO) · movie ... 500건
[17/128] 볼리비아(BO) · tv ... 500건
[18/128] 브라질(BR) · movie ... 500건
[18/128] 브라질(BR) · tv ... 500건
[19/128] 바하마(BS) · movie ... 500건
[19/128] 바하마(BS) · tv ... 500건
[20/128] 벨라루스(BY) · movie ... 500건
[20/128] 벨라루스(BY) · tv ... 500건
[21/128] 벨리즈(BZ) · movie ... 500건
[21/128] 벨리즈(BZ) · tv ... 500건
[22/128] 캐나다(CA) · movie ... 500건
[22/128] 캐나다(CA) · tv ... 500건
[23/128] 스위스(CH) · movie ... 500건
[23/128] 스위스(CH) · tv ... 500건
[24/128] 코트디부아르(CI) · movie ... 500건
[24/128] 코트디부아르(CI) · tv ... 500건
[25/128] 칠레(CL) · movie ... 500건
[25/128] 칠레(CL) · tv ... 500건
[26/128] 카메룬(CM) · movie ... 500건
[26/128] 카메룬(CM) · tv ... 500건
[27/128] 콜롬비아(CO) · movie ... 500건
[27/128] 콜롬비아(CO) · tv ... 500건
[28/128] 코스타리카(CR) · movie ... 500건
[28/128] 코스타리카(CR) · tv ... 500건
[29/128] 쿠바(CU) · movie ... 500건
[29/128] 쿠바(CU) · tv ... 500건
[30/128] 까뽀베르데(CV) · movie ... 500건
[30/128] 까뽀베르데(CV) · tv ... 500건
[31/128] 사이프러스(CY) · movie ... 500건
[31/128] 사이프러스(CY) · tv ... 500건
[32/128] 체코(CZ) · movie ... 500건
[32/128] 체코(CZ) · tv ... 500건
[33/128] 독일(DE) · movie ... 500건
[33/128] 독일(DE) · tv ... 500건
[34/128] 덴마크(DK) · movie ... 500건
[34/128] 덴마크(DK) · tv ... 500건
[35/128] 도미니카 공화국(DO) · movie ... 500건
[35/128] 도미니카 공화국(DO) · tv ... 500건
[36/128] 에콰도르(EC) · movie ... 500건
[36/128] 에콰도르(EC) · tv ... 500건
[37/128] 에스토니아(EE) · movie ... 500건
[37/128] 에스토니아(EE) · tv ... 500건
[38/128] 이집트(EG) · movie ... 500건
[38/128] 이집트(EG) · tv ... 500건
[39/128] 스페인(ES) · movie ... 500건
[39/128] 스페인(ES) · tv ... 500건
[40/128] 핀란드(FI) · movie ... 500건
[40/128] 핀란드(FI) · tv ... 500건
[41/128] 피지(FJ) · movie ... 500건
[41/128] 피지(FJ) · tv ... 500건
[42/128] 프랑스(FR) · movie ... 500건
[42/128] 프랑스(FR) · tv ... 500건
[43/128] 영국(GB) · movie ... 500건
[43/128] 영국(GB) · tv ... 500건
[44/128] 프랑스령 기아나(GF) · movie ... 500건
[44/128] 프랑스령 기아나(GF) · tv ... 500건
[45/128] 가나(GH) · movie ... 500건
[45/128] 가나(GH) · tv ... 500건
[46/128] 지브롤터(GI) · movie ... 500건
[46/128] 지브롤터(GI) · tv ... 500건
[47/128] 적도 기니(GQ) · movie ... 500건
[47/128] 적도 기니(GQ) · tv ... 500건
[48/128] 그리스(GR) · movie ... 500건
[48/128] 그리스(GR) · tv ... 500건
[49/128] 과테말라(GT) · movie ... 500건
[49/128] 과테말라(GT) · tv ... 500건
[50/128] 홍콩, 중국 특별행정구(HK) · movie ... 500건
[50/128] 홍콩, 중국 특별행정구(HK) · tv ... 500건
[51/128] 온두라스(HN) · movie ... 500건
[51/128] 온두라스(HN) · tv ... 500건
[52/128] 크로아티아(HR) · movie ... 500건
[52/128] 크로아티아(HR) · tv ... 500건
[53/128] 헝가리(HU) · movie ... 500건
[53/128] 헝가리(HU) · tv ... 500건
[54/128] 인도네시아(ID) · movie ... 500건
[54/128] 인도네시아(ID) · tv ... 500건
[55/128] 아일랜드(IE) · movie ... 500건
[55/128] 아일랜드(IE) · tv ... 500건
[56/128] 이스라엘(IL) · movie ... 500건
[56/128] 이스라엘(IL) · tv ... 500건
[57/128] 인도(IN) · movie ... 500건
[57/128] 인도(IN) · tv ... 500건
[58/128] 이라크(IQ) · movie ... 500건
[58/128] 이라크(IQ) · tv ... 500건
[59/128] 아이슬란드(IS) · movie ... 500건
[59/128] 아이슬란드(IS) · tv ... 500건
[60/128] 이탈리아(IT) · movie ... 500건
[60/128] 이탈리아(IT) · tv ... 500건
[61/128] 요르단(JO) · movie ... 500건
[61/128] 요르단(JO) · tv ... 500건
[62/128] 일본(JP) · movie ... 500건
[62/128] 일본(JP) · tv ... 500건
[63/128] 케냐(KE) · movie ... 500건
[63/128] 케냐(KE) · tv ... 500건
[64/128] 쿠웨이트(KW) · movie ... 500건
[64/128] 쿠웨이트(KW) · tv ... 500건
[65/128] 레바논(LB) · movie ... 500건
[65/128] 레바논(LB) · tv ... 500건
[66/128] 세인트루시아(LC) · movie ... 500건
[66/128] 세인트루시아(LC) · tv ... 500건
[67/128] 리히텐슈타인(LI) · movie ... 500건
[67/128] 리히텐슈타인(LI) · tv ... 500건
[68/128] 리투아니아(LT) · movie ... 500건
[68/128] 리투아니아(LT) · tv ... 500건
[69/128] 룩셈부르크(LU) · movie ... 500건
[69/128] 룩셈부르크(LU) · tv ... 500건
[70/128] 라트비아(LV) · movie ... 500건
[70/128] 라트비아(LV) · tv ... 500건
[71/128] 리비아(LY) · movie ... 500건
[71/128] 리비아(LY) · tv ... 500건
[72/128] 모로코(MA) · movie ... 500건
[72/128] 모로코(MA) · tv ... 500건
[73/128] 모나코(MC) · movie ... 500건
[73/128] 모나코(MC) · tv ... 500건
[74/128] 몰도바(MD) · movie ... 500건
[74/128] 몰도바(MD) · tv ... 500건
[75/128] 몬테네그로(ME) · movie ... 500건
[75/128] 몬테네그로(ME) · tv ... 500건
[76/128] 마다가스카르(MG) · movie ... 500건
[76/128] 마다가스카르(MG) · tv ... 500건
[77/128] 마케도니아(MK) · movie ... 500건
[77/128] 마케도니아(MK) · tv ... 500건
[78/128] 말리(ML) · movie ... 500건
[78/128] 말리(ML) · tv ... 500건
[79/128] 몰타(MT) · movie ... 500건
[79/128] 몰타(MT) · tv ... 500건
[80/128] 모리셔스(MU) · movie ... 500건
[80/128] 모리셔스(MU) · tv ... 500건
[81/128] 멕시코(MX) · movie ... 500건
[81/128] 멕시코(MX) · tv ... 500건
[82/128] 말레이시아(MY) · movie ... 500건
[82/128] 말레이시아(MY) · tv ... 500건
[83/128] 모잠비크(MZ) · movie ... 500건
[83/128] 모잠비크(MZ) · tv ... 500건
[84/128] 니제르(NE) · movie ... 500건
[84/128] 니제르(NE) · tv ... 500건
[85/128] 나이지리아(NG) · movie ... 500건
[85/128] 나이지리아(NG) · tv ... 500건
[86/128] 니카라과(NI) · movie ... 500건
[86/128] 니카라과(NI) · tv ... 500건
[87/128] 네덜란드(NL) · movie ... 500건
[87/128] 네덜란드(NL) · tv ... 500건
[88/128] 노르웨이(NO) · movie ... 500건
[88/128] 노르웨이(NO) · tv ... 500건
[89/128] 뉴질랜드(NZ) · movie ... 500건
[89/128] 뉴질랜드(NZ) · tv ... 500건
[90/128] 오만(OM) · movie ... 500건
[90/128] 오만(OM) · tv ... 500건
[91/128] 파나마(PA) · movie ... 500건
[91/128] 파나마(PA) · tv ... 500건
[92/128] 페루(PE) · movie ... 500건
[92/128] 페루(PE) · tv ... 500건
[93/128] 프랑스령 폴리네시아(PF) · movie ... 500건
[93/128] 프랑스령 폴리네시아(PF) · tv ... 500건
[94/128] 필리핀(PH) · movie ... 500건
[94/128] 필리핀(PH) · tv ... 500건
[95/128] 파키스탄(PK) · movie ... 500건
[95/128] 파키스탄(PK) · tv ... 500건
[96/128] 폴란드(PL) · movie ... 500건
[96/128] 폴란드(PL) · tv ... 500건
[97/128] 팔레스타인 지구(PS) · movie ... 500건
[97/128] 팔레스타인 지구(PS) · tv ... 500건
[98/128] 포르투갈(PT) · movie ... 500건
[98/128] 포르투갈(PT) · tv ... 500건
[99/128] 파라과이(PY) · movie ... 500건
[99/128] 파라과이(PY) · tv ... 500건
[100/128] 카타르(QA) · movie ... 500건
[100/128] 카타르(QA) · tv ... 500건
[101/128] 루마니아(RO) · movie ... 500건
[101/128] 루마니아(RO) · tv ... 500건
[102/128] 세르비아(RS) · movie ... 500건
[102/128] 세르비아(RS) · tv ... 500건
[103/128] 사우디아라비아(SA) · movie ... 500건
[103/128] 사우디아라비아(SA) · tv ... 500건
[104/128] 쉐이쉘(SC) · movie ... 500건
[104/128] 쉐이쉘(SC) · tv ... 500건
[105/128] 스웨덴(SE) · movie ... 500건
[105/128] 스웨덴(SE) · tv ... 500건
[106/128] 싱가포르(SG) · movie ... 500건
[106/128] 싱가포르(SG) · tv ... 500건
[107/128] 슬로베니아(SI) · movie ... 500건
[107/128] 슬로베니아(SI) · tv ... 500건
[108/128] 슬로바키아(SK) · movie ... 500건
[108/128] 슬로바키아(SK) · tv ... 500건
[109/128] 산마리노(SM) · movie ... 500건
[109/128] 산마리노(SM) · tv ... 500건
[110/128] 세네갈(SN) · movie ... 500건
[110/128] 세네갈(SN) · tv ... 500건
[111/128] 엘살바도르(SV) · movie ... 500건
[111/128] 엘살바도르(SV) · tv ... 500건
[112/128] 터크스케이커스제도(TC) · movie ... 500건
[112/128] 터크스케이커스제도(TC) · tv ... 500건
[113/128] 차드(TD) · movie ... 500건
[113/128] 차드(TD) · tv ... 500건
[114/128] 태국(TH) · movie ... 500건
[114/128] 태국(TH) · tv ... 500건
[115/128] 튀니지(TN) · movie ... 500건
[115/128] 튀니지(TN) · tv ... 500건
[116/128] 터키(TR) · movie ... 500건
[116/128] 터키(TR) · tv ... 500건
[117/128] 트리니다드 토바고(TT) · movie ... 500건
[117/128] 트리니다드 토바고(TT) · tv ... 500건
[118/128] 대만(TW) · movie ... 500건
[118/128] 대만(TW) · tv ... 500건
[119/128] 탄자니아(TZ) · movie ... 500건
[119/128] 탄자니아(TZ) · tv ... 500건
[120/128] 우크라이나(UA) · movie ... 500건
[120/128] 우크라이나(UA) · tv ... 500건
[121/128] 우간다(UG) · movie ... 500건
[121/128] 우간다(UG) · tv ... 500건
[122/128] 미국(US) · movie ... 500건
[122/128] 미국(US) · tv ...   · 네트워크 오류(ReadTimeout), 1s 후 재시도...
500건
[123/128] 우루과이(UY) · movie ... 500건
[123/128] 우루과이(UY) · tv ... 500건
[124/128] 베네수엘라(VE) · movie ... 500건
[124/128] 베네수엘라(VE) · tv ... 500건
[125/128] 예멘(YE) · movie ... 500건
[125/128] 예멘(YE) · tv ... 500건
[126/128] 남아프리카(ZA) · movie ... 500건
[126/128] 남아프리카(ZA) · tv ... 500건
[127/128] 잠비아(ZM) · movie ... 500건
[127/128] 잠비아(ZM) · tv ... 500건
[128/128] 짐바브웨(ZW) · movie ... 500건
[128/128] 짐바브웨(ZW) · tv ... 500건

============================================================
✅ 저장 완료: data/nerfle_titles.csv  (총 134,838행)
   원본 JSON: data/raw/  (256개 파일)
============================================================

[컬럼 목록 / 데이터 사전]
  - country_code       object     결측 0
  - country            object     결측 0
  - media_type         object     결측 0
  - tmdb_id            int64      결측 0
  - title              object     결측 0
  - original_title     object     결측 0
  - original_language  object     결측 0
  - release_date       object     결측 0
  - genre_ids          object     결측 0
  - genres             object     결측 0
  - popularity         float64    결측 0
  - vote_average       float64    결측 0
  - vote_count         int64      결측 0
  - overview           object     결측 0
  - poster_path        object     결측 44
  - only_abroad        bool       결측 0

[나라별 건수]
media_type    movie    tv
country                  
가나              500   500
과테말라            500   500
그리스             500   500
까뽀베르데           500   500
나이지리아           500   500
남아프리카           500   500
네덜란드            500   500
노르웨이            500   500
뉴질랜드            500   500
니제르             500   500
니카라과            500   500
대만              500   500
대한민국           4000  3838
덴마크             500   500
도미니카 공화국        500   500
독일              500   500
라트비아            500   500
레바논             500   500
루마니아            500   500
룩셈부르크           500   500
리비아             500   500
리투아니아           500   500
리히텐슈타인          500   500
마다가스카르          500   500
마케도니아           500   500
말레이시아           500   500
말리              500   500
멕시코             500   500
모나코             500   500
모로코             500   500
모리셔스            500   500
모잠비크            500   500
몬테네그로           500   500
몰도바             500   500
몰타              500   500
미국              500   500
바레인             500   500
바베이도스           500   500
바하마             500   500
버뮤다             500   500
베네수엘라           500   500
벨기에             500   500
벨라루스            500   500
벨리즈             500   500
보스니아 헤르체고비나     500   500
볼리비아            500   500
불가리아            500   500
브라질             500   500
사우디아라비아         500   500
사이프러스           500   500
산마리노            500   500
세네갈             500   500
세르비아            500   500
세인트루시아          500   500
쉐이쉘             500   500
스웨덴             500   500
스위스             500   500
스페인             500   500
슬로바키아           500   500
슬로베니아           500   500
싱가포르            500   500
아랍에미리트 연합       500   500
아르헨티나           500   500
아이슬란드           500   500
아일랜드            500   500
아제르바이잔          500   500
안도라             500   500
알바니아            500   500
앙골라             500   500
앤티가 바부다         500   500
에스토니아           500   500
에콰도르            500   500
엘살바도르           500   500
영국              500   500
예멘              500   500
오만              500   500
오스트리아           500   500
온두라스            500   500
요르단             500   500
우간다             500   500
우루과이            500   500
우크라이나           500   500
이라크             500   500
이스라엘            500   500
이집트             500   500
이탈리아            500   500
인도              500   500
인도네시아           500   500
일본              500   500
잠비아             500   500
적도 기니           500   500
지브롤터            500   500
짐바브웨            500   500
차드              500   500
체코              500   500
칠레              500   500
카메룬             500   500
카타르             500   500
캐나다             500   500
케냐              500   500
코스타리카           500   500
코트디부아르          500   500
콜롬비아            500   500
쿠바              500   500
쿠웨이트            500   500
크로아티아           500   500
탄자니아            500   500
태국              500   500
터크스케이커스제도       500   500
터키              500   500
튀니지             500   500
트리니다드 토바고       500   500
파나마             500   500
파라과이            500   500
파키스탄            500   500
팔레스타인 지구        500   500
페루              500   500
포르투갈            500   500
폴란드             500   500
프랑스             500   500
프랑스령 기아나        500   500
프랑스령 폴리네시아      500   500
피지              500   500
핀란드             500   500
필리핀             500   500
헝가리             500   500
호주              500   500
홍콩, 중국 특별행정구    500   500

[한국 미제공(only_abroad=True) 나라별 건수]
country
가나              163
과테말라            276
그리스             180
까뽀베르데           148
나이지리아           164
남아프리카           175
네덜란드            244
노르웨이            216
뉴질랜드            266
니제르             160
니카라과            278
대만              234
덴마크             210
도미니카 공화국        274
독일              262
라트비아            133
레바논             168
루마니아            188
룩셈부르크           260
리비아             155
리투아니아           131
리히텐슈타인          221
마다가스카르          152
마케도니아           193
말레이시아           235
말리              153
멕시코             279
모나코             241
모로코             194
모리셔스            175
모잠비크            150
몬테네그로           192
몰도바             163
몰타              207
미국              381
바레인             169
바베이도스           251
바하마             222
버뮤다             241
베네수엘라           277
벨기에             281
벨라루스            118
벨리즈             258
보스니아 헤르체고비나     193
볼리비아            277
불가리아            197
브라질             276
사우디아라비아         171
사이프러스           192
산마리노            228
세네갈             156
세르비아            190
세인트루시아          251
쉐이쉘             154
스웨덴             216
스위스             302
스페인             270
슬로바키아           191
슬로베니아           193
싱가포르            237
아랍에미리트 연합       169
아르헨티나           278
아이슬란드           206
아일랜드            250
아제르바이잔          142
안도라             275
알바니아            184
앙골라             145
앤티가 바부다         250
에스토니아           131
에콰도르            278
엘살바도르           276
영국              254
예멘              165
오만              165
오스트리아           254
온두라스            278
요르단             168
우간다             164
우루과이            278
우크라이나           118
이라크             171
이스라엘            114
이집트             168
이탈리아            239
인도              200
인도네시아           242
일본              285
잠비아             164
적도 기니           156
지브롤터            187
짐바브웨            166
차드              163
체코              184
칠레              279
카메룬             156
카타르             168
캐나다             318
케냐              164
코스타리카           278
코트디부아르          156
콜롬비아            277
쿠바              205
쿠웨이트            172
크로아티아           182
탄자니아            166
태국              238
터크스케이커스제도       262
터키              181
튀니지             194
트리니다드 토바고       252
파나마             278
파라과이            276
파키스탄            182
팔레스타인 지구        155
페루              279
포르투갈            233
폴란드             199
프랑스             235
프랑스령 기아나        290
프랑스령 폴리네시아      204
피지              231
핀란드             215
필리핀             239
헝가리             190
호주              286
홍콩, 중국 특별행정구    222

[미리보기 5행]
country media_type                              title         genres  vote_average  only_abroad
   대한민국      movie                         스파이더맨: 홈커밍     액션, 모험, SF         7.332        False
   대한민국      movie                   극장판 귀멸의 칼날: 무한성편 애니메이션, 액션, 판타지         8.645        False
   대한민국      movie                              채권추심원    액션, 스릴러, 범죄         7.667        False
   대한민국      movie Shake, Rattle & Roll: Evil Origins             공포         3.000        False
   대한민국      movie                      스파이더맨: 파 프롬 홈     액션, 모험, SF         7.394        False

필드 설명은 README_data.md 참고. 전처리는 nerfle_titles.csv 로 진행하세요.
